exports[`test should handle \`view\` and \`graphs\` 1`] = `undefined`;

exports[`test should handle \`view\` and \`graphs\` 2`] = `
<div
  className="projects-facets-reset">
  <Link
    className="button button-red"
    onlyActiveOnIndex={false}
    style={Object {}}
    to={
      Object {
        "pathname": "/projects",
        "query": Object {
          "graph": "bugs",
          "view": "graphs",
        },
      }
    }>
    projects.clear_all_filters
  </Link>
</div>
`;
